// Jest Snapshot v1, https://goo.gl/fbAQLP

exports[`should handle FETCH_REPOS 1`] = `
Object {
  "isFetching": true,
  "name": "",
  "repos": Array [],
}
`;

exports[`should handle FETCH_REPOS_SUCCESS 1`] = `
Object {
  "isFetching": false,
  "name": "foo",
  "repos": Array [
    Object {
      "forksCount": 100,
      "issuesCount": 200,
      "language": "lang",
      "name": "name",
      "stargazersCount": 300,
      "url": "url",
      "watchersCount": 400,
    },
  ],
}
`;

exports[`should handle RESET_ORGS 1`] = `
Object {
  "isFetching": false,
  "name": "",
  "repos": Array [],
}
`;

exports[`should return the initial state 1`] = `
Object {
  "isFetching": false,
  "name": "",
  "repos": Array [],
}
`;
