// Jest Snapshot v1, https://goo.gl/fbAQLP

exports[`should handle SET_USER_NAME 1`] = `
Object {
  "name": "foo",
}
`;

exports[`should return the initial state 1`] = `
Object {
  "name": "",
}
`;
